============================= test session starts ==============================
platform linux -- Python 3.13.5, pytest-9.0.1, pluggy-1.6.0 -- /home/grupoverduzco/Documentos/industrial-verduzco/.venv/bin/python
cachedir: .pytest_cache
rootdir: /home/grupoverduzco/Documentos/industrial-verduzco
plugins: flask-1.3.0
collecting ... collected 7 items

test_api.py::TestAuth::test_login_page ERROR                             [ 14%]
test_api.py::TestAuth::test_login_ok ERROR                               [ 28%]
test_api.py::TestAuth::test_login_fail ERROR                             [ 42%]
test_api.py::TestPublic::test_catalogo ERROR                             [ 57%]
test_api.py::TestPublic::test_search ERROR                               [ 71%]
test_api.py::TestProtected::test_index_needs_login ERROR                 [ 85%]
test_api.py::TestProtected::test_index_with_login ERROR                  [100%]

==================================== ERRORS ====================================
__________________ ERROR at setup of TestAuth.test_login_page __________________

self = <sqlalchemy.engine.base.Connection object at 0x7f16727b2520>
dialect = <sqlalchemy.dialects.sqlite.pysqlite.SQLiteDialect_pysqlite object at 0x7f1672c02510>
context = <sqlalchemy.dialects.sqlite.base.SQLiteExecutionContext object at 0x7f16727e48d0>
statement = <sqlalchemy.dialects.sqlite.base.SQLiteCompiler object at 0x7f1672a83b10>
parameters = [('admin', 'scrypt:32768:8:1$ebLJ6LMDlqK0JtlX$6b104a4c73b488c486e868b3028e4a99ed3b547f0f51bb1b67da791d4a523838996d7349234e93285da6af4be0aa4829d267da3bae8be028a72cf880ad3a474b', 'admin@test.com', 1, 1, '2025-11-30 03:12:17.522384', ...)]

    def _exec_single_context(
        self,
        dialect: Dialect,
        context: ExecutionContext,
        statement: Union[str, Compiled],
        parameters: Optional[_AnyMultiExecuteParams],
    ) -> CursorResult[Any]:
        """continue the _execute_context() method for a single DBAPI
        cursor.execute() or cursor.executemany() call.
    
        """
        if dialect.bind_typing is BindTyping.SETINPUTSIZES:
            generic_setinputsizes = context._prepare_set_input_sizes()
    
            if generic_setinputsizes:
                try:
                    dialect.do_set_input_sizes(
                        context.cursor, generic_setinputsizes, context
                    )
                except BaseException as e:
                    self._handle_dbapi_exception(
                        e, str(statement), parameters, None, context
                    )
    
        cursor, str_statement, parameters = (
            context.cursor,
            context.statement,
            context.parameters,
        )
    
        effective_parameters: Optional[_AnyExecuteParams]
    
        if not context.executemany:
            effective_parameters = parameters[0]
        else:
            effective_parameters = parameters
    
        if self._has_events or self.engine._has_events:
            for fn in self.dispatch.before_cursor_execute:
                str_statement, effective_parameters = fn(
                    self,
                    cursor,
                    str_statement,
                    effective_parameters,
                    context,
                    context.executemany,
                )
    
        if self._echo:
            self._log_info(str_statement)
    
            stats = context._get_cache_stats()
    
            if not self.engine.hide_parameters:
                self._log_info(
                    "[%s] %r",
                    stats,
                    sql_util._repr_params(
                        effective_parameters,
                        batches=10,
                        ismulti=context.executemany,
                    ),
                )
            else:
                self._log_info(
                    "[%s] [SQL parameters hidden due to hide_parameters=True]",
                    stats,
                )
    
        evt_handled: bool = False
        try:
            if context.execute_style is ExecuteStyle.EXECUTEMANY:
                effective_parameters = cast(
                    "_CoreMultiExecuteParams", effective_parameters
                )
                if self.dialect._has_events:
                    for fn in self.dialect.dispatch.do_executemany:
                        if fn(
                            cursor,
                            str_statement,
                            effective_parameters,
                            context,
                        ):
                            evt_handled = True
                            break
                if not evt_handled:
                    self.dialect.do_executemany(
                        cursor,
                        str_statement,
                        effective_parameters,
                        context,
                    )
            elif not effective_parameters and context.no_parameters:
                if self.dialect._has_events:
                    for fn in self.dialect.dispatch.do_execute_no_params:
                        if fn(cursor, str_statement, context):
                            evt_handled = True
                            break
                if not evt_handled:
                    self.dialect.do_execute_no_params(
                        cursor, str_statement, context
                    )
            else:
                effective_parameters = cast(
                    "_CoreSingleExecuteParams", effective_parameters
                )
                if self.dialect._has_events:
                    for fn in self.dialect.dispatch.do_execute:
                        if fn(
                            cursor,
                            str_statement,
                            effective_parameters,
                            context,
                        ):
                            evt_handled = True
                            break
                if not evt_handled:
>                   self.dialect.do_execute(
                        cursor, str_statement, effective_parameters, context
                    )

.venv/lib/python3.13/site-packages/sqlalchemy/engine/base.py:1967: 
_ _ _ _ _ _ _ _ _ _ _ _ _ _ _ _ _ _ _ _ _ _ _ _ _ _ _ _ _ _ _ _ _ _ _ _ _ _ _ _ 

self = <sqlalchemy.dialects.sqlite.pysqlite.SQLiteDialect_pysqlite object at 0x7f1672c02510>
cursor = <sqlite3.Cursor object at 0x7f16727e16c0>
statement = 'INSERT INTO usuarios (username, password_hash, correo, es_admin, activo, fecha_creacion, fecha_actualizacion) VALUES (?, ?, ?, ?, ?, ?, ?)'
parameters = ('admin', 'scrypt:32768:8:1$ebLJ6LMDlqK0JtlX$6b104a4c73b488c486e868b3028e4a99ed3b547f0f51bb1b67da791d4a523838996d7349234e93285da6af4be0aa4829d267da3bae8be028a72cf880ad3a474b', 'admin@test.com', 1, 1, '2025-11-30 03:12:17.522384', ...)
context = <sqlalchemy.dialects.sqlite.base.SQLiteExecutionContext object at 0x7f16727e48d0>

    def do_execute(self, cursor, statement, parameters, context=None):
>       cursor.execute(statement, parameters)
E       sqlite3.IntegrityError: UNIQUE constraint failed: usuarios.username

.venv/lib/python3.13/site-packages/sqlalchemy/engine/default.py:951: IntegrityError

The above exception was the direct cause of the following exception:

    @pytest.fixture
    def client():
        app.config['TESTING'] = True
        app.config['SQLALCHEMY_DATABASE_URI'] = 'sqlite:///:memory:'
    
        with app.app_context():
            db.create_all()
            admin = Usuario(username='admin', correo='admin@test.com', es_admin=True, activo=True)
            admin.set_password('admin123')
            db.session.add(admin)
>           db.session.commit()

test_api.py:17: 
_ _ _ _ _ _ _ _ _ _ _ _ _ _ _ _ _ _ _ _ _ _ _ _ _ _ _ _ _ _ _ _ _ _ _ _ _ _ _ _ 
.venv/lib/python3.13/site-packages/sqlalchemy/orm/scoping.py:597: in commit
    return self._proxied.commit()
           ^^^^^^^^^^^^^^^^^^^^^^
.venv/lib/python3.13/site-packages/sqlalchemy/orm/session.py:2030: in commit
    trans.commit(_to_root=True)
<string>:2: in commit
    ???
.venv/lib/python3.13/site-packages/sqlalchemy/orm/state_changes.py:137: in _go
    ret_value = fn(self, *arg, **kw)
                ^^^^^^^^^^^^^^^^^^^^
.venv/lib/python3.13/site-packages/sqlalchemy/orm/session.py:1311: in commit
    self._prepare_impl()
<string>:2: in _prepare_impl
    ???
.venv/lib/python3.13/site-packages/sqlalchemy/orm/state_changes.py:137: in _go
    ret_value = fn(self, *arg, **kw)
                ^^^^^^^^^^^^^^^^^^^^
.venv/lib/python3.13/site-packages/sqlalchemy/orm/session.py:1286: in _prepare_impl
    self.session.flush()
.venv/lib/python3.13/site-packages/sqlalchemy/orm/session.py:4331: in flush
    self._flush(objects)
.venv/lib/python3.13/site-packages/sqlalchemy/orm/session.py:4466: in _flush
    with util.safe_reraise():
         ^^^^^^^^^^^^^^^^^^^
.venv/lib/python3.13/site-packages/sqlalchemy/util/langhelpers.py:224: in __exit__
    raise exc_value.with_traceback(exc_tb)
.venv/lib/python3.13/site-packages/sqlalchemy/orm/session.py:4427: in _flush
    flush_context.execute()
.venv/lib/python3.13/site-packages/sqlalchemy/orm/unitofwork.py:466: in execute
    rec.execute(self)
.venv/lib/python3.13/site-packages/sqlalchemy/orm/unitofwork.py:642: in execute
    util.preloaded.orm_persistence.save_obj(
.venv/lib/python3.13/site-packages/sqlalchemy/orm/persistence.py:93: in save_obj
    _emit_insert_statements(
.venv/lib/python3.13/site-packages/sqlalchemy/orm/persistence.py:1233: in _emit_insert_statements
    result = connection.execute(
.venv/lib/python3.13/site-packages/sqlalchemy/engine/base.py:1419: in execute
    return meth(
.venv/lib/python3.13/site-packages/sqlalchemy/sql/elements.py:526: in _execute_on_connection
    return connection._execute_clauseelement(
.venv/lib/python3.13/site-packages/sqlalchemy/engine/base.py:1641: in _execute_clauseelement
    ret = self._execute_context(
.venv/lib/python3.13/site-packages/sqlalchemy/engine/base.py:1846: in _execute_context
    return self._exec_single_context(
.venv/lib/python3.13/site-packages/sqlalchemy/engine/base.py:1986: in _exec_single_context
    self._handle_dbapi_exception(
.venv/lib/python3.13/site-packages/sqlalchemy/engine/base.py:2355: in _handle_dbapi_exception
    raise sqlalchemy_exception.with_traceback(exc_info[2]) from e
.venv/lib/python3.13/site-packages/sqlalchemy/engine/base.py:1967: in _exec_single_context
    self.dialect.do_execute(
_ _ _ _ _ _ _ _ _ _ _ _ _ _ _ _ _ _ _ _ _ _ _ _ _ _ _ _ _ _ _ _ _ _ _ _ _ _ _ _ 

self = <sqlalchemy.dialects.sqlite.pysqlite.SQLiteDialect_pysqlite object at 0x7f1672c02510>
cursor = <sqlite3.Cursor object at 0x7f16727e16c0>
statement = 'INSERT INTO usuarios (username, password_hash, correo, es_admin, activo, fecha_creacion, fecha_actualizacion) VALUES (?, ?, ?, ?, ?, ?, ?)'
parameters = ('admin', 'scrypt:32768:8:1$ebLJ6LMDlqK0JtlX$6b104a4c73b488c486e868b3028e4a99ed3b547f0f51bb1b67da791d4a523838996d7349234e93285da6af4be0aa4829d267da3bae8be028a72cf880ad3a474b', 'admin@test.com', 1, 1, '2025-11-30 03:12:17.522384', ...)
context = <sqlalchemy.dialects.sqlite.base.SQLiteExecutionContext object at 0x7f16727e48d0>

    def do_execute(self, cursor, statement, parameters, context=None):
>       cursor.execute(statement, parameters)
E       sqlalchemy.exc.IntegrityError: (sqlite3.IntegrityError) UNIQUE constraint failed: usuarios.username
E       [SQL: INSERT INTO usuarios (username, password_hash, correo, es_admin, activo, fecha_creacion, fecha_actualizacion) VALUES (?, ?, ?, ?, ?, ?, ?)]
E       [parameters: ('admin', 'scrypt:32768:8:1$ebLJ6LMDlqK0JtlX$6b104a4c73b488c486e868b3028e4a99ed3b547f0f51bb1b67da791d4a523838996d7349234e93285da6af4be0aa4829d267da3bae8be028a72cf880ad3a474b', 'admin@test.com', 1, 1, '2025-11-30 03:12:17.522384', '2025-11-30 03:12:17.522397')]
E       (Background on this error at: https://sqlalche.me/e/20/gkpj)

.venv/lib/python3.13/site-packages/sqlalchemy/engine/default.py:951: IntegrityError
___________________ ERROR at setup of TestAuth.test_login_ok ___________________

self = <sqlalchemy.engine.base.Connection object at 0x7f16727e5d00>
dialect = <sqlalchemy.dialects.sqlite.pysqlite.SQLiteDialect_pysqlite object at 0x7f1672c02510>
context = <sqlalchemy.dialects.sqlite.base.SQLiteExecutionContext object at 0x7f16727e5ae0>
statement = <sqlalchemy.dialects.sqlite.base.SQLiteCompiler object at 0x7f1672a83b10>
parameters = [('admin', 'scrypt:32768:8:1$2ISr3MoaYTfaS9ZD$056b029368132e3890a030e5f35a007241e91a7578bde8ef59a634e17d4333c041eaa09d7074a2ffe144f96b2d15a952db0d94256865be8d0fa013c30d3c2638', 'admin@test.com', 1, 1, '2025-11-30 03:12:18.339777', ...)]

    def _exec_single_context(
        self,
        dialect: Dialect,
        context: ExecutionContext,
        statement: Union[str, Compiled],
        parameters: Optional[_AnyMultiExecuteParams],
    ) -> CursorResult[Any]:
        """continue the _execute_context() method for a single DBAPI
        cursor.execute() or cursor.executemany() call.
    
        """
        if dialect.bind_typing is BindTyping.SETINPUTSIZES:
            generic_setinputsizes = context._prepare_set_input_sizes()
    
            if generic_setinputsizes:
                try:
                    dialect.do_set_input_sizes(
                        context.cursor, generic_setinputsizes, context
                    )
                except BaseException as e:
                    self._handle_dbapi_exception(
                        e, str(statement), parameters, None, context
                    )
    
        cursor, str_statement, parameters = (
            context.cursor,
            context.statement,
            context.parameters,
        )
    
        effective_parameters: Optional[_AnyExecuteParams]
    
        if not context.executemany:
            effective_parameters = parameters[0]
        else:
            effective_parameters = parameters
    
        if self._has_events or self.engine._has_events:
            for fn in self.dispatch.before_cursor_execute:
                str_statement, effective_parameters = fn(
                    self,
                    cursor,
                    str_statement,
                    effective_parameters,
                    context,
                    context.executemany,
                )
    
        if self._echo:
            self._log_info(str_statement)
    
            stats = context._get_cache_stats()
    
            if not self.engine.hide_parameters:
                self._log_info(
                    "[%s] %r",
                    stats,
                    sql_util._repr_params(
                        effective_parameters,
                        batches=10,
                        ismulti=context.executemany,
                    ),
                )
            else:
                self._log_info(
                    "[%s] [SQL parameters hidden due to hide_parameters=True]",
                    stats,
                )
    
        evt_handled: bool = False
        try:
            if context.execute_style is ExecuteStyle.EXECUTEMANY:
                effective_parameters = cast(
                    "_CoreMultiExecuteParams", effective_parameters
                )
                if self.dialect._has_events:
                    for fn in self.dialect.dispatch.do_executemany:
                        if fn(
                            cursor,
                            str_statement,
                            effective_parameters,
                            context,
                        ):
                            evt_handled = True
                            break
                if not evt_handled:
                    self.dialect.do_executemany(
                        cursor,
                        str_statement,
                        effective_parameters,
                        context,
                    )
            elif not effective_parameters and context.no_parameters:
                if self.dialect._has_events:
                    for fn in self.dialect.dispatch.do_execute_no_params:
                        if fn(cursor, str_statement, context):
                            evt_handled = True
                            break
                if not evt_handled:
                    self.dialect.do_execute_no_params(
                        cursor, str_statement, context
                    )
            else:
                effective_parameters = cast(
                    "_CoreSingleExecuteParams", effective_parameters
                )
                if self.dialect._has_events:
                    for fn in self.dialect.dispatch.do_execute:
                        if fn(
                            cursor,
                            str_statement,
                            effective_parameters,
                            context,
                        ):
                            evt_handled = True
                            break
                if not evt_handled:
>                   self.dialect.do_execute(
                        cursor, str_statement, effective_parameters, context
                    )

.venv/lib/python3.13/site-packages/sqlalchemy/engine/base.py:1967: 
_ _ _ _ _ _ _ _ _ _ _ _ _ _ _ _ _ _ _ _ _ _ _ _ _ _ _ _ _ _ _ _ _ _ _ _ _ _ _ _ 

self = <sqlalchemy.dialects.sqlite.pysqlite.SQLiteDialect_pysqlite object at 0x7f1672c02510>
cursor = <sqlite3.Cursor object at 0x7f1671cc0040>
statement = 'INSERT INTO usuarios (username, password_hash, correo, es_admin, activo, fecha_creacion, fecha_actualizacion) VALUES (?, ?, ?, ?, ?, ?, ?)'
parameters = ('admin', 'scrypt:32768:8:1$2ISr3MoaYTfaS9ZD$056b029368132e3890a030e5f35a007241e91a7578bde8ef59a634e17d4333c041eaa09d7074a2ffe144f96b2d15a952db0d94256865be8d0fa013c30d3c2638', 'admin@test.com', 1, 1, '2025-11-30 03:12:18.339777', ...)
context = <sqlalchemy.dialects.sqlite.base.SQLiteExecutionContext object at 0x7f16727e5ae0>

    def do_execute(self, cursor, statement, parameters, context=None):
>       cursor.execute(statement, parameters)
E       sqlite3.IntegrityError: UNIQUE constraint failed: usuarios.username

.venv/lib/python3.13/site-packages/sqlalchemy/engine/default.py:951: IntegrityError

The above exception was the direct cause of the following exception:

    @pytest.fixture
    def client():
        app.config['TESTING'] = True
        app.config['SQLALCHEMY_DATABASE_URI'] = 'sqlite:///:memory:'
    
        with app.app_context():
            db.create_all()
            admin = Usuario(username='admin', correo='admin@test.com', es_admin=True, activo=True)
            admin.set_password('admin123')
            db.session.add(admin)
>           db.session.commit()

test_api.py:17: 
_ _ _ _ _ _ _ _ _ _ _ _ _ _ _ _ _ _ _ _ _ _ _ _ _ _ _ _ _ _ _ _ _ _ _ _ _ _ _ _ 
.venv/lib/python3.13/site-packages/sqlalchemy/orm/scoping.py:597: in commit
    return self._proxied.commit()
           ^^^^^^^^^^^^^^^^^^^^^^
.venv/lib/python3.13/site-packages/sqlalchemy/orm/session.py:2030: in commit
    trans.commit(_to_root=True)
<string>:2: in commit
    ???
.venv/lib/python3.13/site-packages/sqlalchemy/orm/state_changes.py:137: in _go
    ret_value = fn(self, *arg, **kw)
                ^^^^^^^^^^^^^^^^^^^^
.venv/lib/python3.13/site-packages/sqlalchemy/orm/session.py:1311: in commit
    self._prepare_impl()
<string>:2: in _prepare_impl
    ???
.venv/lib/python3.13/site-packages/sqlalchemy/orm/state_changes.py:137: in _go
    ret_value = fn(self, *arg, **kw)
                ^^^^^^^^^^^^^^^^^^^^
.venv/lib/python3.13/site-packages/sqlalchemy/orm/session.py:1286: in _prepare_impl
    self.session.flush()
.venv/lib/python3.13/site-packages/sqlalchemy/orm/session.py:4331: in flush
    self._flush(objects)
.venv/lib/python3.13/site-packages/sqlalchemy/orm/session.py:4466: in _flush
    with util.safe_reraise():
         ^^^^^^^^^^^^^^^^^^^
.venv/lib/python3.13/site-packages/sqlalchemy/util/langhelpers.py:224: in __exit__
    raise exc_value.with_traceback(exc_tb)
.venv/lib/python3.13/site-packages/sqlalchemy/orm/session.py:4427: in _flush
    flush_context.execute()
.venv/lib/python3.13/site-packages/sqlalchemy/orm/unitofwork.py:466: in execute
    rec.execute(self)
.venv/lib/python3.13/site-packages/sqlalchemy/orm/unitofwork.py:642: in execute
    util.preloaded.orm_persistence.save_obj(
.venv/lib/python3.13/site-packages/sqlalchemy/orm/persistence.py:93: in save_obj
    _emit_insert_statements(
.venv/lib/python3.13/site-packages/sqlalchemy/orm/persistence.py:1233: in _emit_insert_statements
    result = connection.execute(
.venv/lib/python3.13/site-packages/sqlalchemy/engine/base.py:1419: in execute
    return meth(
.venv/lib/python3.13/site-packages/sqlalchemy/sql/elements.py:526: in _execute_on_connection
    return connection._execute_clauseelement(
.venv/lib/python3.13/site-packages/sqlalchemy/engine/base.py:1641: in _execute_clauseelement
    ret = self._execute_context(
.venv/lib/python3.13/site-packages/sqlalchemy/engine/base.py:1846: in _execute_context
    return self._exec_single_context(
.venv/lib/python3.13/site-packages/sqlalchemy/engine/base.py:1986: in _exec_single_context
    self._handle_dbapi_exception(
.venv/lib/python3.13/site-packages/sqlalchemy/engine/base.py:2355: in _handle_dbapi_exception
    raise sqlalchemy_exception.with_traceback(exc_info[2]) from e
.venv/lib/python3.13/site-packages/sqlalchemy/engine/base.py:1967: in _exec_single_context
    self.dialect.do_execute(
_ _ _ _ _ _ _ _ _ _ _ _ _ _ _ _ _ _ _ _ _ _ _ _ _ _ _ _ _ _ _ _ _ _ _ _ _ _ _ _ 

self = <sqlalchemy.dialects.sqlite.pysqlite.SQLiteDialect_pysqlite object at 0x7f1672c02510>
cursor = <sqlite3.Cursor object at 0x7f1671cc0040>
statement = 'INSERT INTO usuarios (username, password_hash, correo, es_admin, activo, fecha_creacion, fecha_actualizacion) VALUES (?, ?, ?, ?, ?, ?, ?)'
parameters = ('admin', 'scrypt:32768:8:1$2ISr3MoaYTfaS9ZD$056b029368132e3890a030e5f35a007241e91a7578bde8ef59a634e17d4333c041eaa09d7074a2ffe144f96b2d15a952db0d94256865be8d0fa013c30d3c2638', 'admin@test.com', 1, 1, '2025-11-30 03:12:18.339777', ...)
context = <sqlalchemy.dialects.sqlite.base.SQLiteExecutionContext object at 0x7f16727e5ae0>

    def do_execute(self, cursor, statement, parameters, context=None):
>       cursor.execute(statement, parameters)
E       sqlalchemy.exc.IntegrityError: (sqlite3.IntegrityError) UNIQUE constraint failed: usuarios.username
E       [SQL: INSERT INTO usuarios (username, password_hash, correo, es_admin, activo, fecha_creacion, fecha_actualizacion) VALUES (?, ?, ?, ?, ?, ?, ?)]
E       [parameters: ('admin', 'scrypt:32768:8:1$2ISr3MoaYTfaS9ZD$056b029368132e3890a030e5f35a007241e91a7578bde8ef59a634e17d4333c041eaa09d7074a2ffe144f96b2d15a952db0d94256865be8d0fa013c30d3c2638', 'admin@test.com', 1, 1, '2025-11-30 03:12:18.339777', '2025-11-30 03:12:18.339820')]
E       (Background on this error at: https://sqlalche.me/e/20/gkpj)

.venv/lib/python3.13/site-packages/sqlalchemy/engine/default.py:951: IntegrityError
__________________ ERROR at setup of TestAuth.test_login_fail __________________

self = <sqlalchemy.engine.base.Connection object at 0x7f1672a93b50>
dialect = <sqlalchemy.dialects.sqlite.pysqlite.SQLiteDialect_pysqlite object at 0x7f1672c02510>
context = <sqlalchemy.dialects.sqlite.base.SQLiteExecutionContext object at 0x7f16727e6250>
statement = <sqlalchemy.dialects.sqlite.base.SQLiteCompiler object at 0x7f1672a83b10>
parameters = [('admin', 'scrypt:32768:8:1$uccvoeAta7Gurak9$9ba9cf6ea37de47772869671ff67d00306b83d7f2784c49ad98039bc3e9d063aee138e8e6b8fc002368b9d0d778db9da46b3299e6438a4762b7b13ef0f5c0226', 'admin@test.com', 1, 1, '2025-11-30 03:12:19.100363', ...)]

    def _exec_single_context(
        self,
        dialect: Dialect,
        context: ExecutionContext,
        statement: Union[str, Compiled],
        parameters: Optional[_AnyMultiExecuteParams],
    ) -> CursorResult[Any]:
        """continue the _execute_context() method for a single DBAPI
        cursor.execute() or cursor.executemany() call.
    
        """
        if dialect.bind_typing is BindTyping.SETINPUTSIZES:
            generic_setinputsizes = context._prepare_set_input_sizes()
    
            if generic_setinputsizes:
                try:
                    dialect.do_set_input_sizes(
                        context.cursor, generic_setinputsizes, context
                    )
                except BaseException as e:
                    self._handle_dbapi_exception(
                        e, str(statement), parameters, None, context
                    )
    
        cursor, str_statement, parameters = (
            context.cursor,
            context.statement,
            context.parameters,
        )
    
        effective_parameters: Optional[_AnyExecuteParams]
    
        if not context.executemany:
            effective_parameters = parameters[0]
        else:
            effective_parameters = parameters
    
        if self._has_events or self.engine._has_events:
            for fn in self.dispatch.before_cursor_execute:
                str_statement, effective_parameters = fn(
                    self,
                    cursor,
                    str_statement,
                    effective_parameters,
                    context,
                    context.executemany,
                )
    
        if self._echo:
            self._log_info(str_statement)
    
            stats = context._get_cache_stats()
    
            if not self.engine.hide_parameters:
                self._log_info(
                    "[%s] %r",
                    stats,
                    sql_util._repr_params(
                        effective_parameters,
                        batches=10,
                        ismulti=context.executemany,
                    ),
                )
            else:
                self._log_info(
                    "[%s] [SQL parameters hidden due to hide_parameters=True]",
                    stats,
                )
    
        evt_handled: bool = False
        try:
            if context.execute_style is ExecuteStyle.EXECUTEMANY:
                effective_parameters = cast(
                    "_CoreMultiExecuteParams", effective_parameters
                )
                if self.dialect._has_events:
                    for fn in self.dialect.dispatch.do_executemany:
                        if fn(
                            cursor,
                            str_statement,
                            effective_parameters,
                            context,
                        ):
                            evt_handled = True
                            break
                if not evt_handled:
                    self.dialect.do_executemany(
                        cursor,
                        str_statement,
                        effective_parameters,
                        context,
                    )
            elif not effective_parameters and context.no_parameters:
                if self.dialect._has_events:
                    for fn in self.dialect.dispatch.do_execute_no_params:
                        if fn(cursor, str_statement, context):
                            evt_handled = True
                            break
                if not evt_handled:
                    self.dialect.do_execute_no_params(
                        cursor, str_statement, context
                    )
            else:
                effective_parameters = cast(
                    "_CoreSingleExecuteParams", effective_parameters
                )
                if self.dialect._has_events:
                    for fn in self.dialect.dispatch.do_execute:
                        if fn(
                            cursor,
                            str_statement,
                            effective_parameters,
                            context,
                        ):
                            evt_handled = True
                            break
                if not evt_handled:
>                   self.dialect.do_execute(
                        cursor, str_statement, effective_parameters, context
                    )

.venv/lib/python3.13/site-packages/sqlalchemy/engine/base.py:1967: 
_ _ _ _ _ _ _ _ _ _ _ _ _ _ _ _ _ _ _ _ _ _ _ _ _ _ _ _ _ _ _ _ _ _ _ _ _ _ _ _ 

self = <sqlalchemy.dialects.sqlite.pysqlite.SQLiteDialect_pysqlite object at 0x7f1672c02510>
cursor = <sqlite3.Cursor object at 0x7f1671b81040>
statement = 'INSERT INTO usuarios (username, password_hash, correo, es_admin, activo, fecha_creacion, fecha_actualizacion) VALUES (?, ?, ?, ?, ?, ?, ?)'
parameters = ('admin', 'scrypt:32768:8:1$uccvoeAta7Gurak9$9ba9cf6ea37de47772869671ff67d00306b83d7f2784c49ad98039bc3e9d063aee138e8e6b8fc002368b9d0d778db9da46b3299e6438a4762b7b13ef0f5c0226', 'admin@test.com', 1, 1, '2025-11-30 03:12:19.100363', ...)
context = <sqlalchemy.dialects.sqlite.base.SQLiteExecutionContext object at 0x7f16727e6250>

    def do_execute(self, cursor, statement, parameters, context=None):
>       cursor.execute(statement, parameters)
E       sqlite3.IntegrityError: UNIQUE constraint failed: usuarios.username

.venv/lib/python3.13/site-packages/sqlalchemy/engine/default.py:951: IntegrityError

The above exception was the direct cause of the following exception:

    @pytest.fixture
    def client():
        app.config['TESTING'] = True
        app.config['SQLALCHEMY_DATABASE_URI'] = 'sqlite:///:memory:'
    
        with app.app_context():
            db.create_all()
            admin = Usuario(username='admin', correo='admin@test.com', es_admin=True, activo=True)
            admin.set_password('admin123')
            db.session.add(admin)
>           db.session.commit()

test_api.py:17: 
_ _ _ _ _ _ _ _ _ _ _ _ _ _ _ _ _ _ _ _ _ _ _ _ _ _ _ _ _ _ _ _ _ _ _ _ _ _ _ _ 
.venv/lib/python3.13/site-packages/sqlalchemy/orm/scoping.py:597: in commit
    return self._proxied.commit()
           ^^^^^^^^^^^^^^^^^^^^^^
.venv/lib/python3.13/site-packages/sqlalchemy/orm/session.py:2030: in commit
    trans.commit(_to_root=True)
<string>:2: in commit
    ???
.venv/lib/python3.13/site-packages/sqlalchemy/orm/state_changes.py:137: in _go
    ret_value = fn(self, *arg, **kw)
                ^^^^^^^^^^^^^^^^^^^^
.venv/lib/python3.13/site-packages/sqlalchemy/orm/session.py:1311: in commit
    self._prepare_impl()
<string>:2: in _prepare_impl
    ???
.venv/lib/python3.13/site-packages/sqlalchemy/orm/state_changes.py:137: in _go
    ret_value = fn(self, *arg, **kw)
                ^^^^^^^^^^^^^^^^^^^^
.venv/lib/python3.13/site-packages/sqlalchemy/orm/session.py:1286: in _prepare_impl
    self.session.flush()
.venv/lib/python3.13/site-packages/sqlalchemy/orm/session.py:4331: in flush
    self._flush(objects)
.venv/lib/python3.13/site-packages/sqlalchemy/orm/session.py:4466: in _flush
    with util.safe_reraise():
         ^^^^^^^^^^^^^^^^^^^
.venv/lib/python3.13/site-packages/sqlalchemy/util/langhelpers.py:224: in __exit__
    raise exc_value.with_traceback(exc_tb)
.venv/lib/python3.13/site-packages/sqlalchemy/orm/session.py:4427: in _flush
    flush_context.execute()
.venv/lib/python3.13/site-packages/sqlalchemy/orm/unitofwork.py:466: in execute
    rec.execute(self)
.venv/lib/python3.13/site-packages/sqlalchemy/orm/unitofwork.py:642: in execute
    util.preloaded.orm_persistence.save_obj(
.venv/lib/python3.13/site-packages/sqlalchemy/orm/persistence.py:93: in save_obj
    _emit_insert_statements(
.venv/lib/python3.13/site-packages/sqlalchemy/orm/persistence.py:1233: in _emit_insert_statements
    result = connection.execute(
.venv/lib/python3.13/site-packages/sqlalchemy/engine/base.py:1419: in execute
    return meth(
.venv/lib/python3.13/site-packages/sqlalchemy/sql/elements.py:526: in _execute_on_connection
    return connection._execute_clauseelement(
.venv/lib/python3.13/site-packages/sqlalchemy/engine/base.py:1641: in _execute_clauseelement
    ret = self._execute_context(
.venv/lib/python3.13/site-packages/sqlalchemy/engine/base.py:1846: in _execute_context
    return self._exec_single_context(
.venv/lib/python3.13/site-packages/sqlalchemy/engine/base.py:1986: in _exec_single_context
    self._handle_dbapi_exception(
.venv/lib/python3.13/site-packages/sqlalchemy/engine/base.py:2355: in _handle_dbapi_exception
    raise sqlalchemy_exception.with_traceback(exc_info[2]) from e
.venv/lib/python3.13/site-packages/sqlalchemy/engine/base.py:1967: in _exec_single_context
    self.dialect.do_execute(
_ _ _ _ _ _ _ _ _ _ _ _ _ _ _ _ _ _ _ _ _ _ _ _ _ _ _ _ _ _ _ _ _ _ _ _ _ _ _ _ 

self = <sqlalchemy.dialects.sqlite.pysqlite.SQLiteDialect_pysqlite object at 0x7f1672c02510>
cursor = <sqlite3.Cursor object at 0x7f1671b81040>
statement = 'INSERT INTO usuarios (username, password_hash, correo, es_admin, activo, fecha_creacion, fecha_actualizacion) VALUES (?, ?, ?, ?, ?, ?, ?)'
parameters = ('admin', 'scrypt:32768:8:1$uccvoeAta7Gurak9$9ba9cf6ea37de47772869671ff67d00306b83d7f2784c49ad98039bc3e9d063aee138e8e6b8fc002368b9d0d778db9da46b3299e6438a4762b7b13ef0f5c0226', 'admin@test.com', 1, 1, '2025-11-30 03:12:19.100363', ...)
context = <sqlalchemy.dialects.sqlite.base.SQLiteExecutionContext object at 0x7f16727e6250>

    def do_execute(self, cursor, statement, parameters, context=None):
>       cursor.execute(statement, parameters)
E       sqlalchemy.exc.IntegrityError: (sqlite3.IntegrityError) UNIQUE constraint failed: usuarios.username
E       [SQL: INSERT INTO usuarios (username, password_hash, correo, es_admin, activo, fecha_creacion, fecha_actualizacion) VALUES (?, ?, ?, ?, ?, ?, ?)]
E       [parameters: ('admin', 'scrypt:32768:8:1$uccvoeAta7Gurak9$9ba9cf6ea37de47772869671ff67d00306b83d7f2784c49ad98039bc3e9d063aee138e8e6b8fc002368b9d0d778db9da46b3299e6438a4762b7b13ef0f5c0226', 'admin@test.com', 1, 1, '2025-11-30 03:12:19.100363', '2025-11-30 03:12:19.100374')]
E       (Background on this error at: https://sqlalche.me/e/20/gkpj)

.venv/lib/python3.13/site-packages/sqlalchemy/engine/default.py:951: IntegrityError
__________________ ERROR at setup of TestPublic.test_catalogo __________________

self = <sqlalchemy.engine.base.Connection object at 0x7f167244e8a0>
dialect = <sqlalchemy.dialects.sqlite.pysqlite.SQLiteDialect_pysqlite object at 0x7f1672c02510>
context = <sqlalchemy.dialects.sqlite.base.SQLiteExecutionContext object at 0x7f16727e6690>
statement = <sqlalchemy.dialects.sqlite.base.SQLiteCompiler object at 0x7f1672a83b10>
parameters = [('admin', 'scrypt:32768:8:1$wfB6DTlGCU3YJMxI$15363a979e536cac1a4f6683db52d425422a20047dc6d387cb65891dc6d6b4a6860760e1084303f1a7d39380fbd7f4281069dc8f9ed277a3e808c36e48179ede', 'admin@test.com', 1, 1, '2025-11-30 03:12:19.846279', ...)]

    def _exec_single_context(
        self,
        dialect: Dialect,
        context: ExecutionContext,
        statement: Union[str, Compiled],
        parameters: Optional[_AnyMultiExecuteParams],
    ) -> CursorResult[Any]:
        """continue the _execute_context() method for a single DBAPI
        cursor.execute() or cursor.executemany() call.
    
        """
        if dialect.bind_typing is BindTyping.SETINPUTSIZES:
            generic_setinputsizes = context._prepare_set_input_sizes()
    
            if generic_setinputsizes:
                try:
                    dialect.do_set_input_sizes(
                        context.cursor, generic_setinputsizes, context
                    )
                except BaseException as e:
                    self._handle_dbapi_exception(
                        e, str(statement), parameters, None, context
                    )
    
        cursor, str_statement, parameters = (
            context.cursor,
            context.statement,
            context.parameters,
        )
    
        effective_parameters: Optional[_AnyExecuteParams]
    
        if not context.executemany:
            effective_parameters = parameters[0]
        else:
            effective_parameters = parameters
    
        if self._has_events or self.engine._has_events:
            for fn in self.dispatch.before_cursor_execute:
                str_statement, effective_parameters = fn(
                    self,
                    cursor,
                    str_statement,
                    effective_parameters,
                    context,
                    context.executemany,
                )
    
        if self._echo:
            self._log_info(str_statement)
    
            stats = context._get_cache_stats()
    
            if not self.engine.hide_parameters:
                self._log_info(
                    "[%s] %r",
                    stats,
                    sql_util._repr_params(
                        effective_parameters,
                        batches=10,
                        ismulti=context.executemany,
                    ),
                )
            else:
                self._log_info(
                    "[%s] [SQL parameters hidden due to hide_parameters=True]",
                    stats,
                )
    
        evt_handled: bool = False
        try:
            if context.execute_style is ExecuteStyle.EXECUTEMANY:
                effective_parameters = cast(
                    "_CoreMultiExecuteParams", effective_parameters
                )
                if self.dialect._has_events:
                    for fn in self.dialect.dispatch.do_executemany:
                        if fn(
                            cursor,
                            str_statement,
                            effective_parameters,
                            context,
                        ):
                            evt_handled = True
                            break
                if not evt_handled:
                    self.dialect.do_executemany(
                        cursor,
                        str_statement,
                        effective_parameters,
                        context,
                    )
            elif not effective_parameters and context.no_parameters:
                if self.dialect._has_events:
                    for fn in self.dialect.dispatch.do_execute_no_params:
                        if fn(cursor, str_statement, context):
                            evt_handled = True
                            break
                if not evt_handled:
                    self.dialect.do_execute_no_params(
                        cursor, str_statement, context
                    )
            else:
                effective_parameters = cast(
                    "_CoreSingleExecuteParams", effective_parameters
                )
                if self.dialect._has_events:
                    for fn in self.dialect.dispatch.do_execute:
                        if fn(
                            cursor,
                            str_statement,
                            effective_parameters,
                            context,
                        ):
                            evt_handled = True
                            break
                if not evt_handled:
>                   self.dialect.do_execute(
                        cursor, str_statement, effective_parameters, context
                    )

.venv/lib/python3.13/site-packages/sqlalchemy/engine/base.py:1967: 
_ _ _ _ _ _ _ _ _ _ _ _ _ _ _ _ _ _ _ _ _ _ _ _ _ _ _ _ _ _ _ _ _ _ _ _ _ _ _ _ 

self = <sqlalchemy.dialects.sqlite.pysqlite.SQLiteDialect_pysqlite object at 0x7f1672c02510>
cursor = <sqlite3.Cursor object at 0x7f16727a8840>
statement = 'INSERT INTO usuarios (username, password_hash, correo, es_admin, activo, fecha_creacion, fecha_actualizacion) VALUES (?, ?, ?, ?, ?, ?, ?)'
parameters = ('admin', 'scrypt:32768:8:1$wfB6DTlGCU3YJMxI$15363a979e536cac1a4f6683db52d425422a20047dc6d387cb65891dc6d6b4a6860760e1084303f1a7d39380fbd7f4281069dc8f9ed277a3e808c36e48179ede', 'admin@test.com', 1, 1, '2025-11-30 03:12:19.846279', ...)
context = <sqlalchemy.dialects.sqlite.base.SQLiteExecutionContext object at 0x7f16727e6690>

    def do_execute(self, cursor, statement, parameters, context=None):
>       cursor.execute(statement, parameters)
E       sqlite3.IntegrityError: UNIQUE constraint failed: usuarios.username

.venv/lib/python3.13/site-packages/sqlalchemy/engine/default.py:951: IntegrityError

The above exception was the direct cause of the following exception:

    @pytest.fixture
    def client():
        app.config['TESTING'] = True
        app.config['SQLALCHEMY_DATABASE_URI'] = 'sqlite:///:memory:'
    
        with app.app_context():
            db.create_all()
            admin = Usuario(username='admin', correo='admin@test.com', es_admin=True, activo=True)
            admin.set_password('admin123')
            db.session.add(admin)
>           db.session.commit()

test_api.py:17: 
_ _ _ _ _ _ _ _ _ _ _ _ _ _ _ _ _ _ _ _ _ _ _ _ _ _ _ _ _ _ _ _ _ _ _ _ _ _ _ _ 
.venv/lib/python3.13/site-packages/sqlalchemy/orm/scoping.py:597: in commit
    return self._proxied.commit()
           ^^^^^^^^^^^^^^^^^^^^^^
.venv/lib/python3.13/site-packages/sqlalchemy/orm/session.py:2030: in commit
    trans.commit(_to_root=True)
<string>:2: in commit
    ???
.venv/lib/python3.13/site-packages/sqlalchemy/orm/state_changes.py:137: in _go
    ret_value = fn(self, *arg, **kw)
                ^^^^^^^^^^^^^^^^^^^^
.venv/lib/python3.13/site-packages/sqlalchemy/orm/session.py:1311: in commit
    self._prepare_impl()
<string>:2: in _prepare_impl
    ???
.venv/lib/python3.13/site-packages/sqlalchemy/orm/state_changes.py:137: in _go
    ret_value = fn(self, *arg, **kw)
                ^^^^^^^^^^^^^^^^^^^^
.venv/lib/python3.13/site-packages/sqlalchemy/orm/session.py:1286: in _prepare_impl
    self.session.flush()
.venv/lib/python3.13/site-packages/sqlalchemy/orm/session.py:4331: in flush
    self._flush(objects)
.venv/lib/python3.13/site-packages/sqlalchemy/orm/session.py:4466: in _flush
    with util.safe_reraise():
         ^^^^^^^^^^^^^^^^^^^
.venv/lib/python3.13/site-packages/sqlalchemy/util/langhelpers.py:224: in __exit__
    raise exc_value.with_traceback(exc_tb)
.venv/lib/python3.13/site-packages/sqlalchemy/orm/session.py:4427: in _flush
    flush_context.execute()
.venv/lib/python3.13/site-packages/sqlalchemy/orm/unitofwork.py:466: in execute
    rec.execute(self)
.venv/lib/python3.13/site-packages/sqlalchemy/orm/unitofwork.py:642: in execute
    util.preloaded.orm_persistence.save_obj(
.venv/lib/python3.13/site-packages/sqlalchemy/orm/persistence.py:93: in save_obj
    _emit_insert_statements(
.venv/lib/python3.13/site-packages/sqlalchemy/orm/persistence.py:1233: in _emit_insert_statements
    result = connection.execute(
.venv/lib/python3.13/site-packages/sqlalchemy/engine/base.py:1419: in execute
    return meth(
.venv/lib/python3.13/site-packages/sqlalchemy/sql/elements.py:526: in _execute_on_connection
    return connection._execute_clauseelement(
.venv/lib/python3.13/site-packages/sqlalchemy/engine/base.py:1641: in _execute_clauseelement
    ret = self._execute_context(
.venv/lib/python3.13/site-packages/sqlalchemy/engine/base.py:1846: in _execute_context
    return self._exec_single_context(
.venv/lib/python3.13/site-packages/sqlalchemy/engine/base.py:1986: in _exec_single_context
    self._handle_dbapi_exception(
.venv/lib/python3.13/site-packages/sqlalchemy/engine/base.py:2355: in _handle_dbapi_exception
    raise sqlalchemy_exception.with_traceback(exc_info[2]) from e
.venv/lib/python3.13/site-packages/sqlalchemy/engine/base.py:1967: in _exec_single_context
    self.dialect.do_execute(
_ _ _ _ _ _ _ _ _ _ _ _ _ _ _ _ _ _ _ _ _ _ _ _ _ _ _ _ _ _ _ _ _ _ _ _ _ _ _ _ 

self = <sqlalchemy.dialects.sqlite.pysqlite.SQLiteDialect_pysqlite object at 0x7f1672c02510>
cursor = <sqlite3.Cursor object at 0x7f16727a8840>
statement = 'INSERT INTO usuarios (username, password_hash, correo, es_admin, activo, fecha_creacion, fecha_actualizacion) VALUES (?, ?, ?, ?, ?, ?, ?)'
parameters = ('admin', 'scrypt:32768:8:1$wfB6DTlGCU3YJMxI$15363a979e536cac1a4f6683db52d425422a20047dc6d387cb65891dc6d6b4a6860760e1084303f1a7d39380fbd7f4281069dc8f9ed277a3e808c36e48179ede', 'admin@test.com', 1, 1, '2025-11-30 03:12:19.846279', ...)
context = <sqlalchemy.dialects.sqlite.base.SQLiteExecutionContext object at 0x7f16727e6690>

    def do_execute(self, cursor, statement, parameters, context=None):
>       cursor.execute(statement, parameters)
E       sqlalchemy.exc.IntegrityError: (sqlite3.IntegrityError) UNIQUE constraint failed: usuarios.username
E       [SQL: INSERT INTO usuarios (username, password_hash, correo, es_admin, activo, fecha_creacion, fecha_actualizacion) VALUES (?, ?, ?, ?, ?, ?, ?)]
E       [parameters: ('admin', 'scrypt:32768:8:1$wfB6DTlGCU3YJMxI$15363a979e536cac1a4f6683db52d425422a20047dc6d387cb65891dc6d6b4a6860760e1084303f1a7d39380fbd7f4281069dc8f9ed277a3e808c36e48179ede', 'admin@test.com', 1, 1, '2025-11-30 03:12:19.846279', '2025-11-30 03:12:19.846290')]
E       (Background on this error at: https://sqlalche.me/e/20/gkpj)

.venv/lib/python3.13/site-packages/sqlalchemy/engine/default.py:951: IntegrityError
___________________ ERROR at setup of TestPublic.test_search ___________________

self = <sqlalchemy.engine.base.Connection object at 0x7f16727f6350>
dialect = <sqlalchemy.dialects.sqlite.pysqlite.SQLiteDialect_pysqlite object at 0x7f1672c02510>
context = <sqlalchemy.dialects.sqlite.base.SQLiteExecutionContext object at 0x7f16727e58c0>
statement = <sqlalchemy.dialects.sqlite.base.SQLiteCompiler object at 0x7f1672a83b10>
parameters = [('admin', 'scrypt:32768:8:1$1BXVk6fSB8Lh0xtR$b24c6ca4342eadc520b5b2e04349d20f3e72b27524b209dd075e8d97cb752b12eacaaff88685de2c1d345f0330b19b189b425f8a54a44527a2a789165f3bd2dc', 'admin@test.com', 1, 1, '2025-11-30 03:12:20.657792', ...)]

    def _exec_single_context(
        self,
        dialect: Dialect,
        context: ExecutionContext,
        statement: Union[str, Compiled],
        parameters: Optional[_AnyMultiExecuteParams],
    ) -> CursorResult[Any]:
        """continue the _execute_context() method for a single DBAPI
        cursor.execute() or cursor.executemany() call.
    
        """
        if dialect.bind_typing is BindTyping.SETINPUTSIZES:
            generic_setinputsizes = context._prepare_set_input_sizes()
    
            if generic_setinputsizes:
                try:
                    dialect.do_set_input_sizes(
                        context.cursor, generic_setinputsizes, context
                    )
                except BaseException as e:
                    self._handle_dbapi_exception(
                        e, str(statement), parameters, None, context
                    )
    
        cursor, str_statement, parameters = (
            context.cursor,
            context.statement,
            context.parameters,
        )
    
        effective_parameters: Optional[_AnyExecuteParams]
    
        if not context.executemany:
            effective_parameters = parameters[0]
        else:
            effective_parameters = parameters
    
        if self._has_events or self.engine._has_events:
            for fn in self.dispatch.before_cursor_execute:
                str_statement, effective_parameters = fn(
                    self,
                    cursor,
                    str_statement,
                    effective_parameters,
                    context,
                    context.executemany,
                )
    
        if self._echo:
            self._log_info(str_statement)
    
            stats = context._get_cache_stats()
    
            if not self.engine.hide_parameters:
                self._log_info(
                    "[%s] %r",
                    stats,
                    sql_util._repr_params(
                        effective_parameters,
                        batches=10,
                        ismulti=context.executemany,
                    ),
                )
            else:
                self._log_info(
                    "[%s] [SQL parameters hidden due to hide_parameters=True]",
                    stats,
                )
    
        evt_handled: bool = False
        try:
            if context.execute_style is ExecuteStyle.EXECUTEMANY:
                effective_parameters = cast(
                    "_CoreMultiExecuteParams", effective_parameters
                )
                if self.dialect._has_events:
                    for fn in self.dialect.dispatch.do_executemany:
                        if fn(
                            cursor,
                            str_statement,
                            effective_parameters,
                            context,
                        ):
                            evt_handled = True
                            break
                if not evt_handled:
                    self.dialect.do_executemany(
                        cursor,
                        str_statement,
                        effective_parameters,
                        context,
                    )
            elif not effective_parameters and context.no_parameters:
                if self.dialect._has_events:
                    for fn in self.dialect.dispatch.do_execute_no_params:
                        if fn(cursor, str_statement, context):
                            evt_handled = True
                            break
                if not evt_handled:
                    self.dialect.do_execute_no_params(
                        cursor, str_statement, context
                    )
            else:
                effective_parameters = cast(
                    "_CoreSingleExecuteParams", effective_parameters
                )
                if self.dialect._has_events:
                    for fn in self.dialect.dispatch.do_execute:
                        if fn(
                            cursor,
                            str_statement,
                            effective_parameters,
                            context,
                        ):
                            evt_handled = True
                            break
                if not evt_handled:
>                   self.dialect.do_execute(
                        cursor, str_statement, effective_parameters, context
                    )

.venv/lib/python3.13/site-packages/sqlalchemy/engine/base.py:1967: 
_ _ _ _ _ _ _ _ _ _ _ _ _ _ _ _ _ _ _ _ _ _ _ _ _ _ _ _ _ _ _ _ _ _ _ _ _ _ _ _ 

self = <sqlalchemy.dialects.sqlite.pysqlite.SQLiteDialect_pysqlite object at 0x7f1672c02510>
cursor = <sqlite3.Cursor object at 0x7f1672873d40>
statement = 'INSERT INTO usuarios (username, password_hash, correo, es_admin, activo, fecha_creacion, fecha_actualizacion) VALUES (?, ?, ?, ?, ?, ?, ?)'
parameters = ('admin', 'scrypt:32768:8:1$1BXVk6fSB8Lh0xtR$b24c6ca4342eadc520b5b2e04349d20f3e72b27524b209dd075e8d97cb752b12eacaaff88685de2c1d345f0330b19b189b425f8a54a44527a2a789165f3bd2dc', 'admin@test.com', 1, 1, '2025-11-30 03:12:20.657792', ...)
context = <sqlalchemy.dialects.sqlite.base.SQLiteExecutionContext object at 0x7f16727e58c0>

    def do_execute(self, cursor, statement, parameters, context=None):
>       cursor.execute(statement, parameters)
E       sqlite3.IntegrityError: UNIQUE constraint failed: usuarios.username

.venv/lib/python3.13/site-packages/sqlalchemy/engine/default.py:951: IntegrityError

The above exception was the direct cause of the following exception:

    @pytest.fixture
    def client():
        app.config['TESTING'] = True
        app.config['SQLALCHEMY_DATABASE_URI'] = 'sqlite:///:memory:'
    
        with app.app_context():
            db.create_all()
            admin = Usuario(username='admin', correo='admin@test.com', es_admin=True, activo=True)
            admin.set_password('admin123')
            db.session.add(admin)
>           db.session.commit()

test_api.py:17: 
_ _ _ _ _ _ _ _ _ _ _ _ _ _ _ _ _ _ _ _ _ _ _ _ _ _ _ _ _ _ _ _ _ _ _ _ _ _ _ _ 
.venv/lib/python3.13/site-packages/sqlalchemy/orm/scoping.py:597: in commit
    return self._proxied.commit()
           ^^^^^^^^^^^^^^^^^^^^^^
.venv/lib/python3.13/site-packages/sqlalchemy/orm/session.py:2030: in commit
    trans.commit(_to_root=True)
<string>:2: in commit
    ???
.venv/lib/python3.13/site-packages/sqlalchemy/orm/state_changes.py:137: in _go
    ret_value = fn(self, *arg, **kw)
                ^^^^^^^^^^^^^^^^^^^^
.venv/lib/python3.13/site-packages/sqlalchemy/orm/session.py:1311: in commit
    self._prepare_impl()
<string>:2: in _prepare_impl
    ???
.venv/lib/python3.13/site-packages/sqlalchemy/orm/state_changes.py:137: in _go
    ret_value = fn(self, *arg, **kw)
                ^^^^^^^^^^^^^^^^^^^^
.venv/lib/python3.13/site-packages/sqlalchemy/orm/session.py:1286: in _prepare_impl
    self.session.flush()
.venv/lib/python3.13/site-packages/sqlalchemy/orm/session.py:4331: in flush
    self._flush(objects)
.venv/lib/python3.13/site-packages/sqlalchemy/orm/session.py:4466: in _flush
    with util.safe_reraise():
         ^^^^^^^^^^^^^^^^^^^
.venv/lib/python3.13/site-packages/sqlalchemy/util/langhelpers.py:224: in __exit__
    raise exc_value.with_traceback(exc_tb)
.venv/lib/python3.13/site-packages/sqlalchemy/orm/session.py:4427: in _flush
    flush_context.execute()
.venv/lib/python3.13/site-packages/sqlalchemy/orm/unitofwork.py:466: in execute
    rec.execute(self)
.venv/lib/python3.13/site-packages/sqlalchemy/orm/unitofwork.py:642: in execute
    util.preloaded.orm_persistence.save_obj(
.venv/lib/python3.13/site-packages/sqlalchemy/orm/persistence.py:93: in save_obj
    _emit_insert_statements(
.venv/lib/python3.13/site-packages/sqlalchemy/orm/persistence.py:1233: in _emit_insert_statements
    result = connection.execute(
.venv/lib/python3.13/site-packages/sqlalchemy/engine/base.py:1419: in execute
    return meth(
.venv/lib/python3.13/site-packages/sqlalchemy/sql/elements.py:526: in _execute_on_connection
    return connection._execute_clauseelement(
.venv/lib/python3.13/site-packages/sqlalchemy/engine/base.py:1641: in _execute_clauseelement
    ret = self._execute_context(
.venv/lib/python3.13/site-packages/sqlalchemy/engine/base.py:1846: in _execute_context
    return self._exec_single_context(
.venv/lib/python3.13/site-packages/sqlalchemy/engine/base.py:1986: in _exec_single_context
    self._handle_dbapi_exception(
.venv/lib/python3.13/site-packages/sqlalchemy/engine/base.py:2355: in _handle_dbapi_exception
    raise sqlalchemy_exception.with_traceback(exc_info[2]) from e
.venv/lib/python3.13/site-packages/sqlalchemy/engine/base.py:1967: in _exec_single_context
    self.dialect.do_execute(
_ _ _ _ _ _ _ _ _ _ _ _ _ _ _ _ _ _ _ _ _ _ _ _ _ _ _ _ _ _ _ _ _ _ _ _ _ _ _ _ 

self = <sqlalchemy.dialects.sqlite.pysqlite.SQLiteDialect_pysqlite object at 0x7f1672c02510>
cursor = <sqlite3.Cursor object at 0x7f1672873d40>
statement = 'INSERT INTO usuarios (username, password_hash, correo, es_admin, activo, fecha_creacion, fecha_actualizacion) VALUES (?, ?, ?, ?, ?, ?, ?)'
parameters = ('admin', 'scrypt:32768:8:1$1BXVk6fSB8Lh0xtR$b24c6ca4342eadc520b5b2e04349d20f3e72b27524b209dd075e8d97cb752b12eacaaff88685de2c1d345f0330b19b189b425f8a54a44527a2a789165f3bd2dc', 'admin@test.com', 1, 1, '2025-11-30 03:12:20.657792', ...)
context = <sqlalchemy.dialects.sqlite.base.SQLiteExecutionContext object at 0x7f16727e58c0>

    def do_execute(self, cursor, statement, parameters, context=None):
>       cursor.execute(statement, parameters)
E       sqlalchemy.exc.IntegrityError: (sqlite3.IntegrityError) UNIQUE constraint failed: usuarios.username
E       [SQL: INSERT INTO usuarios (username, password_hash, correo, es_admin, activo, fecha_creacion, fecha_actualizacion) VALUES (?, ?, ?, ?, ?, ?, ?)]
E       [parameters: ('admin', 'scrypt:32768:8:1$1BXVk6fSB8Lh0xtR$b24c6ca4342eadc520b5b2e04349d20f3e72b27524b209dd075e8d97cb752b12eacaaff88685de2c1d345f0330b19b189b425f8a54a44527a2a789165f3bd2dc', 'admin@test.com', 1, 1, '2025-11-30 03:12:20.657792', '2025-11-30 03:12:20.657803')]
E       (Background on this error at: https://sqlalche.me/e/20/gkpj)

.venv/lib/python3.13/site-packages/sqlalchemy/engine/default.py:951: IntegrityError
____________ ERROR at setup of TestProtected.test_index_needs_login ____________

self = <sqlalchemy.engine.base.Connection object at 0x7f1671d02f90>
dialect = <sqlalchemy.dialects.sqlite.pysqlite.SQLiteDialect_pysqlite object at 0x7f1672c02510>
context = <sqlalchemy.dialects.sqlite.base.SQLiteExecutionContext object at 0x7f16727e6f10>
statement = <sqlalchemy.dialects.sqlite.base.SQLiteCompiler object at 0x7f1672a83b10>
parameters = [('admin', 'scrypt:32768:8:1$NTcL3TFCPJrViKT5$4b57e88c02b9042c178ca73250303d4d3ec2aa24fdda56e57f0e16d300c159d3cbed930f14e42dc6ba2f35876708769e687bc35814b52eba7ea9eee8fee78f00', 'admin@test.com', 1, 1, '2025-11-30 03:12:21.432081', ...)]

    def _exec_single_context(
        self,
        dialect: Dialect,
        context: ExecutionContext,
        statement: Union[str, Compiled],
        parameters: Optional[_AnyMultiExecuteParams],
    ) -> CursorResult[Any]:
        """continue the _execute_context() method for a single DBAPI
        cursor.execute() or cursor.executemany() call.
    
        """
        if dialect.bind_typing is BindTyping.SETINPUTSIZES:
            generic_setinputsizes = context._prepare_set_input_sizes()
    
            if generic_setinputsizes:
                try:
                    dialect.do_set_input_sizes(
                        context.cursor, generic_setinputsizes, context
                    )
                except BaseException as e:
                    self._handle_dbapi_exception(
                        e, str(statement), parameters, None, context
                    )
    
        cursor, str_statement, parameters = (
            context.cursor,
            context.statement,
            context.parameters,
        )
    
        effective_parameters: Optional[_AnyExecuteParams]
    
        if not context.executemany:
            effective_parameters = parameters[0]
        else:
            effective_parameters = parameters
    
        if self._has_events or self.engine._has_events:
            for fn in self.dispatch.before_cursor_execute:
                str_statement, effective_parameters = fn(
                    self,
                    cursor,
                    str_statement,
                    effective_parameters,
                    context,
                    context.executemany,
                )
    
        if self._echo:
            self._log_info(str_statement)
    
            stats = context._get_cache_stats()
    
            if not self.engine.hide_parameters:
                self._log_info(
                    "[%s] %r",
                    stats,
                    sql_util._repr_params(
                        effective_parameters,
                        batches=10,
                        ismulti=context.executemany,
                    ),
                )
            else:
                self._log_info(
                    "[%s] [SQL parameters hidden due to hide_parameters=True]",
                    stats,
                )
    
        evt_handled: bool = False
        try:
            if context.execute_style is ExecuteStyle.EXECUTEMANY:
                effective_parameters = cast(
                    "_CoreMultiExecuteParams", effective_parameters
                )
                if self.dialect._has_events:
                    for fn in self.dialect.dispatch.do_executemany:
                        if fn(
                            cursor,
                            str_statement,
                            effective_parameters,
                            context,
                        ):
                            evt_handled = True
                            break
                if not evt_handled:
                    self.dialect.do_executemany(
                        cursor,
                        str_statement,
                        effective_parameters,
                        context,
                    )
            elif not effective_parameters and context.no_parameters:
                if self.dialect._has_events:
                    for fn in self.dialect.dispatch.do_execute_no_params:
                        if fn(cursor, str_statement, context):
                            evt_handled = True
                            break
                if not evt_handled:
                    self.dialect.do_execute_no_params(
                        cursor, str_statement, context
                    )
            else:
                effective_parameters = cast(
                    "_CoreSingleExecuteParams", effective_parameters
                )
                if self.dialect._has_events:
                    for fn in self.dialect.dispatch.do_execute:
                        if fn(
                            cursor,
                            str_statement,
                            effective_parameters,
                            context,
                        ):
                            evt_handled = True
                            break
                if not evt_handled:
>                   self.dialect.do_execute(
                        cursor, str_statement, effective_parameters, context
                    )

.venv/lib/python3.13/site-packages/sqlalchemy/engine/base.py:1967: 
_ _ _ _ _ _ _ _ _ _ _ _ _ _ _ _ _ _ _ _ _ _ _ _ _ _ _ _ _ _ _ _ _ _ _ _ _ _ _ _ 

self = <sqlalchemy.dialects.sqlite.pysqlite.SQLiteDialect_pysqlite object at 0x7f1672c02510>
cursor = <sqlite3.Cursor object at 0x7f1671cc2540>
statement = 'INSERT INTO usuarios (username, password_hash, correo, es_admin, activo, fecha_creacion, fecha_actualizacion) VALUES (?, ?, ?, ?, ?, ?, ?)'
parameters = ('admin', 'scrypt:32768:8:1$NTcL3TFCPJrViKT5$4b57e88c02b9042c178ca73250303d4d3ec2aa24fdda56e57f0e16d300c159d3cbed930f14e42dc6ba2f35876708769e687bc35814b52eba7ea9eee8fee78f00', 'admin@test.com', 1, 1, '2025-11-30 03:12:21.432081', ...)
context = <sqlalchemy.dialects.sqlite.base.SQLiteExecutionContext object at 0x7f16727e6f10>

    def do_execute(self, cursor, statement, parameters, context=None):
>       cursor.execute(statement, parameters)
E       sqlite3.IntegrityError: UNIQUE constraint failed: usuarios.username

.venv/lib/python3.13/site-packages/sqlalchemy/engine/default.py:951: IntegrityError

The above exception was the direct cause of the following exception:

    @pytest.fixture
    def client():
        app.config['TESTING'] = True
        app.config['SQLALCHEMY_DATABASE_URI'] = 'sqlite:///:memory:'
    
        with app.app_context():
            db.create_all()
            admin = Usuario(username='admin', correo='admin@test.com', es_admin=True, activo=True)
            admin.set_password('admin123')
            db.session.add(admin)
>           db.session.commit()

test_api.py:17: 
_ _ _ _ _ _ _ _ _ _ _ _ _ _ _ _ _ _ _ _ _ _ _ _ _ _ _ _ _ _ _ _ _ _ _ _ _ _ _ _ 
.venv/lib/python3.13/site-packages/sqlalchemy/orm/scoping.py:597: in commit
    return self._proxied.commit()
           ^^^^^^^^^^^^^^^^^^^^^^
.venv/lib/python3.13/site-packages/sqlalchemy/orm/session.py:2030: in commit
    trans.commit(_to_root=True)
<string>:2: in commit
    ???
.venv/lib/python3.13/site-packages/sqlalchemy/orm/state_changes.py:137: in _go
    ret_value = fn(self, *arg, **kw)
                ^^^^^^^^^^^^^^^^^^^^
.venv/lib/python3.13/site-packages/sqlalchemy/orm/session.py:1311: in commit
    self._prepare_impl()
<string>:2: in _prepare_impl
    ???
.venv/lib/python3.13/site-packages/sqlalchemy/orm/state_changes.py:137: in _go
    ret_value = fn(self, *arg, **kw)
                ^^^^^^^^^^^^^^^^^^^^
.venv/lib/python3.13/site-packages/sqlalchemy/orm/session.py:1286: in _prepare_impl
    self.session.flush()
.venv/lib/python3.13/site-packages/sqlalchemy/orm/session.py:4331: in flush
    self._flush(objects)
.venv/lib/python3.13/site-packages/sqlalchemy/orm/session.py:4466: in _flush
    with util.safe_reraise():
         ^^^^^^^^^^^^^^^^^^^
.venv/lib/python3.13/site-packages/sqlalchemy/util/langhelpers.py:224: in __exit__
    raise exc_value.with_traceback(exc_tb)
.venv/lib/python3.13/site-packages/sqlalchemy/orm/session.py:4427: in _flush
    flush_context.execute()
.venv/lib/python3.13/site-packages/sqlalchemy/orm/unitofwork.py:466: in execute
    rec.execute(self)
.venv/lib/python3.13/site-packages/sqlalchemy/orm/unitofwork.py:642: in execute
    util.preloaded.orm_persistence.save_obj(
.venv/lib/python3.13/site-packages/sqlalchemy/orm/persistence.py:93: in save_obj
    _emit_insert_statements(
.venv/lib/python3.13/site-packages/sqlalchemy/orm/persistence.py:1233: in _emit_insert_statements
    result = connection.execute(
.venv/lib/python3.13/site-packages/sqlalchemy/engine/base.py:1419: in execute
    return meth(
.venv/lib/python3.13/site-packages/sqlalchemy/sql/elements.py:526: in _execute_on_connection
    return connection._execute_clauseelement(
.venv/lib/python3.13/site-packages/sqlalchemy/engine/base.py:1641: in _execute_clauseelement
    ret = self._execute_context(
.venv/lib/python3.13/site-packages/sqlalchemy/engine/base.py:1846: in _execute_context
    return self._exec_single_context(
.venv/lib/python3.13/site-packages/sqlalchemy/engine/base.py:1986: in _exec_single_context
    self._handle_dbapi_exception(
.venv/lib/python3.13/site-packages/sqlalchemy/engine/base.py:2355: in _handle_dbapi_exception
    raise sqlalchemy_exception.with_traceback(exc_info[2]) from e
.venv/lib/python3.13/site-packages/sqlalchemy/engine/base.py:1967: in _exec_single_context
    self.dialect.do_execute(
_ _ _ _ _ _ _ _ _ _ _ _ _ _ _ _ _ _ _ _ _ _ _ _ _ _ _ _ _ _ _ _ _ _ _ _ _ _ _ _ 

self = <sqlalchemy.dialects.sqlite.pysqlite.SQLiteDialect_pysqlite object at 0x7f1672c02510>
cursor = <sqlite3.Cursor object at 0x7f1671cc2540>
statement = 'INSERT INTO usuarios (username, password_hash, correo, es_admin, activo, fecha_creacion, fecha_actualizacion) VALUES (?, ?, ?, ?, ?, ?, ?)'
parameters = ('admin', 'scrypt:32768:8:1$NTcL3TFCPJrViKT5$4b57e88c02b9042c178ca73250303d4d3ec2aa24fdda56e57f0e16d300c159d3cbed930f14e42dc6ba2f35876708769e687bc35814b52eba7ea9eee8fee78f00', 'admin@test.com', 1, 1, '2025-11-30 03:12:21.432081', ...)
context = <sqlalchemy.dialects.sqlite.base.SQLiteExecutionContext object at 0x7f16727e6f10>

    def do_execute(self, cursor, statement, parameters, context=None):
>       cursor.execute(statement, parameters)
E       sqlalchemy.exc.IntegrityError: (sqlite3.IntegrityError) UNIQUE constraint failed: usuarios.username
E       [SQL: INSERT INTO usuarios (username, password_hash, correo, es_admin, activo, fecha_creacion, fecha_actualizacion) VALUES (?, ?, ?, ?, ?, ?, ?)]
E       [parameters: ('admin', 'scrypt:32768:8:1$NTcL3TFCPJrViKT5$4b57e88c02b9042c178ca73250303d4d3ec2aa24fdda56e57f0e16d300c159d3cbed930f14e42dc6ba2f35876708769e687bc35814b52eba7ea9eee8fee78f00', 'admin@test.com', 1, 1, '2025-11-30 03:12:21.432081', '2025-11-30 03:12:21.432093')]
E       (Background on this error at: https://sqlalche.me/e/20/gkpj)

.venv/lib/python3.13/site-packages/sqlalchemy/engine/default.py:951: IntegrityError
____________ ERROR at setup of TestProtected.test_index_with_login _____________

self = <sqlalchemy.engine.base.Connection object at 0x7f1671cf0e50>
dialect = <sqlalchemy.dialects.sqlite.pysqlite.SQLiteDialect_pysqlite object at 0x7f1672c02510>
context = <sqlalchemy.dialects.sqlite.base.SQLiteExecutionContext object at 0x7f16727e5e10>
statement = <sqlalchemy.dialects.sqlite.base.SQLiteCompiler object at 0x7f1672a83b10>
parameters = [('admin', 'scrypt:32768:8:1$0X5fjowtc9bgwUlO$388f079447e08f884b9e11905c80d018f2e4a85d8b92ab3a5e30d2b0cbb8ef69090b8308650ca982c54397a200846572cf847981e7a9101ec66cefd15192cfb3', 'admin@test.com', 1, 1, '2025-11-30 03:12:22.178892', ...)]

    def _exec_single_context(
        self,
        dialect: Dialect,
        context: ExecutionContext,
        statement: Union[str, Compiled],
        parameters: Optional[_AnyMultiExecuteParams],
    ) -> CursorResult[Any]:
        """continue the _execute_context() method for a single DBAPI
        cursor.execute() or cursor.executemany() call.
    
        """
        if dialect.bind_typing is BindTyping.SETINPUTSIZES:
            generic_setinputsizes = context._prepare_set_input_sizes()
    
            if generic_setinputsizes:
                try:
                    dialect.do_set_input_sizes(
                        context.cursor, generic_setinputsizes, context
                    )
                except BaseException as e:
                    self._handle_dbapi_exception(
                        e, str(statement), parameters, None, context
                    )
    
        cursor, str_statement, parameters = (
            context.cursor,
            context.statement,
            context.parameters,
        )
    
        effective_parameters: Optional[_AnyExecuteParams]
    
        if not context.executemany:
            effective_parameters = parameters[0]
        else:
            effective_parameters = parameters
    
        if self._has_events or self.engine._has_events:
            for fn in self.dispatch.before_cursor_execute:
                str_statement, effective_parameters = fn(
                    self,
                    cursor,
                    str_statement,
                    effective_parameters,
                    context,
                    context.executemany,
                )
    
        if self._echo:
            self._log_info(str_statement)
    
            stats = context._get_cache_stats()
    
            if not self.engine.hide_parameters:
                self._log_info(
                    "[%s] %r",
                    stats,
                    sql_util._repr_params(
                        effective_parameters,
                        batches=10,
                        ismulti=context.executemany,
                    ),
                )
            else:
                self._log_info(
                    "[%s] [SQL parameters hidden due to hide_parameters=True]",
                    stats,
                )
    
        evt_handled: bool = False
        try:
            if context.execute_style is ExecuteStyle.EXECUTEMANY:
                effective_parameters = cast(
                    "_CoreMultiExecuteParams", effective_parameters
                )
                if self.dialect._has_events:
                    for fn in self.dialect.dispatch.do_executemany:
                        if fn(
                            cursor,
                            str_statement,
                            effective_parameters,
                            context,
                        ):
                            evt_handled = True
                            break
                if not evt_handled:
                    self.dialect.do_executemany(
                        cursor,
                        str_statement,
                        effective_parameters,
                        context,
                    )
            elif not effective_parameters and context.no_parameters:
                if self.dialect._has_events:
                    for fn in self.dialect.dispatch.do_execute_no_params:
                        if fn(cursor, str_statement, context):
                            evt_handled = True
                            break
                if not evt_handled:
                    self.dialect.do_execute_no_params(
                        cursor, str_statement, context
                    )
            else:
                effective_parameters = cast(
                    "_CoreSingleExecuteParams", effective_parameters
                )
                if self.dialect._has_events:
                    for fn in self.dialect.dispatch.do_execute:
                        if fn(
                            cursor,
                            str_statement,
                            effective_parameters,
                            context,
                        ):
                            evt_handled = True
                            break
                if not evt_handled:
>                   self.dialect.do_execute(
                        cursor, str_statement, effective_parameters, context
                    )

.venv/lib/python3.13/site-packages/sqlalchemy/engine/base.py:1967: 
_ _ _ _ _ _ _ _ _ _ _ _ _ _ _ _ _ _ _ _ _ _ _ _ _ _ _ _ _ _ _ _ _ _ _ _ _ _ _ _ 

self = <sqlalchemy.dialects.sqlite.pysqlite.SQLiteDialect_pysqlite object at 0x7f1672c02510>
cursor = <sqlite3.Cursor object at 0x7f167188f540>
statement = 'INSERT INTO usuarios (username, password_hash, correo, es_admin, activo, fecha_creacion, fecha_actualizacion) VALUES (?, ?, ?, ?, ?, ?, ?)'
parameters = ('admin', 'scrypt:32768:8:1$0X5fjowtc9bgwUlO$388f079447e08f884b9e11905c80d018f2e4a85d8b92ab3a5e30d2b0cbb8ef69090b8308650ca982c54397a200846572cf847981e7a9101ec66cefd15192cfb3', 'admin@test.com', 1, 1, '2025-11-30 03:12:22.178892', ...)
context = <sqlalchemy.dialects.sqlite.base.SQLiteExecutionContext object at 0x7f16727e5e10>

    def do_execute(self, cursor, statement, parameters, context=None):
>       cursor.execute(statement, parameters)
E       sqlite3.IntegrityError: UNIQUE constraint failed: usuarios.username

.venv/lib/python3.13/site-packages/sqlalchemy/engine/default.py:951: IntegrityError

The above exception was the direct cause of the following exception:

    @pytest.fixture
    def client():
        app.config['TESTING'] = True
        app.config['SQLALCHEMY_DATABASE_URI'] = 'sqlite:///:memory:'
    
        with app.app_context():
            db.create_all()
            admin = Usuario(username='admin', correo='admin@test.com', es_admin=True, activo=True)
            admin.set_password('admin123')
            db.session.add(admin)
>           db.session.commit()

test_api.py:17: 
_ _ _ _ _ _ _ _ _ _ _ _ _ _ _ _ _ _ _ _ _ _ _ _ _ _ _ _ _ _ _ _ _ _ _ _ _ _ _ _ 
.venv/lib/python3.13/site-packages/sqlalchemy/orm/scoping.py:597: in commit
    return self._proxied.commit()
           ^^^^^^^^^^^^^^^^^^^^^^
.venv/lib/python3.13/site-packages/sqlalchemy/orm/session.py:2030: in commit
    trans.commit(_to_root=True)
<string>:2: in commit
    ???
.venv/lib/python3.13/site-packages/sqlalchemy/orm/state_changes.py:137: in _go
    ret_value = fn(self, *arg, **kw)
                ^^^^^^^^^^^^^^^^^^^^
.venv/lib/python3.13/site-packages/sqlalchemy/orm/session.py:1311: in commit
    self._prepare_impl()
<string>:2: in _prepare_impl
    ???
.venv/lib/python3.13/site-packages/sqlalchemy/orm/state_changes.py:137: in _go
    ret_value = fn(self, *arg, **kw)
                ^^^^^^^^^^^^^^^^^^^^
.venv/lib/python3.13/site-packages/sqlalchemy/orm/session.py:1286: in _prepare_impl
    self.session.flush()
.venv/lib/python3.13/site-packages/sqlalchemy/orm/session.py:4331: in flush
    self._flush(objects)
.venv/lib/python3.13/site-packages/sqlalchemy/orm/session.py:4466: in _flush
    with util.safe_reraise():
         ^^^^^^^^^^^^^^^^^^^
.venv/lib/python3.13/site-packages/sqlalchemy/util/langhelpers.py:224: in __exit__
    raise exc_value.with_traceback(exc_tb)
.venv/lib/python3.13/site-packages/sqlalchemy/orm/session.py:4427: in _flush
    flush_context.execute()
.venv/lib/python3.13/site-packages/sqlalchemy/orm/unitofwork.py:466: in execute
    rec.execute(self)
.venv/lib/python3.13/site-packages/sqlalchemy/orm/unitofwork.py:642: in execute
    util.preloaded.orm_persistence.save_obj(
.venv/lib/python3.13/site-packages/sqlalchemy/orm/persistence.py:93: in save_obj
    _emit_insert_statements(
.venv/lib/python3.13/site-packages/sqlalchemy/orm/persistence.py:1233: in _emit_insert_statements
    result = connection.execute(
.venv/lib/python3.13/site-packages/sqlalchemy/engine/base.py:1419: in execute
    return meth(
.venv/lib/python3.13/site-packages/sqlalchemy/sql/elements.py:526: in _execute_on_connection
    return connection._execute_clauseelement(
.venv/lib/python3.13/site-packages/sqlalchemy/engine/base.py:1641: in _execute_clauseelement
    ret = self._execute_context(
.venv/lib/python3.13/site-packages/sqlalchemy/engine/base.py:1846: in _execute_context
    return self._exec_single_context(
.venv/lib/python3.13/site-packages/sqlalchemy/engine/base.py:1986: in _exec_single_context
    self._handle_dbapi_exception(
.venv/lib/python3.13/site-packages/sqlalchemy/engine/base.py:2355: in _handle_dbapi_exception
    raise sqlalchemy_exception.with_traceback(exc_info[2]) from e
.venv/lib/python3.13/site-packages/sqlalchemy/engine/base.py:1967: in _exec_single_context
    self.dialect.do_execute(
_ _ _ _ _ _ _ _ _ _ _ _ _ _ _ _ _ _ _ _ _ _ _ _ _ _ _ _ _ _ _ _ _ _ _ _ _ _ _ _ 

self = <sqlalchemy.dialects.sqlite.pysqlite.SQLiteDialect_pysqlite object at 0x7f1672c02510>
cursor = <sqlite3.Cursor object at 0x7f167188f540>
statement = 'INSERT INTO usuarios (username, password_hash, correo, es_admin, activo, fecha_creacion, fecha_actualizacion) VALUES (?, ?, ?, ?, ?, ?, ?)'
parameters = ('admin', 'scrypt:32768:8:1$0X5fjowtc9bgwUlO$388f079447e08f884b9e11905c80d018f2e4a85d8b92ab3a5e30d2b0cbb8ef69090b8308650ca982c54397a200846572cf847981e7a9101ec66cefd15192cfb3', 'admin@test.com', 1, 1, '2025-11-30 03:12:22.178892', ...)
context = <sqlalchemy.dialects.sqlite.base.SQLiteExecutionContext object at 0x7f16727e5e10>

    def do_execute(self, cursor, statement, parameters, context=None):
>       cursor.execute(statement, parameters)
E       sqlalchemy.exc.IntegrityError: (sqlite3.IntegrityError) UNIQUE constraint failed: usuarios.username
E       [SQL: INSERT INTO usuarios (username, password_hash, correo, es_admin, activo, fecha_creacion, fecha_actualizacion) VALUES (?, ?, ?, ?, ?, ?, ?)]
E       [parameters: ('admin', 'scrypt:32768:8:1$0X5fjowtc9bgwUlO$388f079447e08f884b9e11905c80d018f2e4a85d8b92ab3a5e30d2b0cbb8ef69090b8308650ca982c54397a200846572cf847981e7a9101ec66cefd15192cfb3', 'admin@test.com', 1, 1, '2025-11-30 03:12:22.178892', '2025-11-30 03:12:22.178902')]
E       (Background on this error at: https://sqlalche.me/e/20/gkpj)

.venv/lib/python3.13/site-packages/sqlalchemy/engine/default.py:951: IntegrityError
=============================== warnings summary ===============================
test_api.py: 14 warnings
  /home/grupoverduzco/Documentos/industrial-verduzco/.venv/lib/python3.13/site-packages/sqlalchemy/sql/schema.py:3624: DeprecationWarning: datetime.datetime.utcnow() is deprecated and scheduled for removal in a future version. Use timezone-aware objects to represent datetimes in UTC: datetime.datetime.now(datetime.UTC).
    return util.wrap_callable(lambda ctx: fn(), fn)  # type: ignore

-- Docs: https://docs.pytest.org/en/stable/how-to/capture-warnings.html
=========================== short test summary info ============================
ERROR test_api.py::TestAuth::test_login_page - sqlalchemy.exc.IntegrityError:...
ERROR test_api.py::TestAuth::test_login_ok - sqlalchemy.exc.IntegrityError: (...
ERROR test_api.py::TestAuth::test_login_fail - sqlalchemy.exc.IntegrityError:...
ERROR test_api.py::TestPublic::test_catalogo - sqlalchemy.exc.IntegrityError:...
ERROR test_api.py::TestPublic::test_search - sqlalchemy.exc.IntegrityError: (...
ERROR test_api.py::TestProtected::test_index_needs_login - sqlalchemy.exc.Int...
ERROR test_api.py::TestProtected::test_index_with_login - sqlalchemy.exc.Inte...
======================== 14 warnings, 7 errors in 6.27s ========================
